// Jest Snapshot v1, https://goo.gl/fbAQLP

exports[`App renders with all data passed in correctlly 1`] = `
<main
  className="App"
>
  <h1
    className="app-title"
  >
    Turing Cafe Reservations
  </h1>
  <ReservationForm
    addNewReserv={[Function]}
  />
</main>
`;
